<testsuite errors="0" failures="0" name="Django Project Tests" skips="0" tests="2" time="0.003"><testcase classname="zoo.tests.AnimalTestCase" name="test_animals_can_speak" time="0.001500" /><testcase classname="zoo.tests.AnimalTestCase" name="test_str" time="0.000994" /></testsuite>